// Jest Snapshot v1, https://goo.gl/fbAQLP

exports[`Pruebas del archivo: <GifItem /> Match con el Snapshot del componente 1`] = `
<div>
  <div
    class="card"
  >
    <img
      alt="Dragon Ball"
      src="https://prueba.com/"
    />
    <p>
      Dragon Ball
    </p>
  </div>
</div>
`;
